---
source: src/parser.rs
expression: program
---
functions: []
