---
source: src/parser.rs
expression: "format!(\"{:?}\", errors)"
---
"[found 'LetDeclaration' at 23..26 expected 'FunctionDeclaration', or end of input]"
