---
source: src/parser.rs
expression: program
---
stmts:
  - LetDecl:
      name: x
      type: ~
      value:
        IntLit:
          value: 42
          span:
            start: 8
            end: 10
            context: ~
      span:
        start: 0
        end: 11
        context: ~
