---
source: src/parser.rs
expression: "format!(\"{:?}\", errors)"
---
"[found 'Identifier(\"x\")' at 0..1 expected 'FunctionDeclaration', or end of input]"
