---
source: src/parser.rs
expression: "format!(\"{:?}\", errors)"
---
"[found 'LetDeclaration' at 0..3 expected 'FunctionDeclaration', or end of input]"
