---
source: src/typechecker.rs
expression: result
---
Err:
  kind:
    DuplicateFunctionDeclaration:
      name: add
  file_id: "<test>"
  span:
    start: 27
    end: 52
    context: ~
