---
source: src/typechecker.rs
expression: result
---
Err:
  kind:
    MismatchedTypes:
      left: I32
      right: Bool
  file_id: "<test>"
  span:
    start: 23
    end: 31
    context: ~
