---
source: src/typechecker.rs
expression: result
---
Err:
  kind:
    FunctionNotFound:
      name: one
  file_id: "<test>"
  span:
    start: 59
    end: 64
    context: ~
