---
source: src/typechecker.rs
expression: result
---
Err:
  kind:
    DuplicateVariableDeclaration:
      name: x
  file_id: "<test>"
  span:
    start: 17
    end: 33
    context: ~
