---
source: src/typechecker.rs
expression: result
---
Err:
  kind:
    MismatchedTypes:
      left: Bool
      right: I32
  file_id: "<test>"
  span:
    start: 0
    end: 18
    context: ~
