---
source: src/parser.rs
expression: program
---
stmts:
  - LetDecl:
      name: x
      type: I32
      value: ~
      span:
        start: 0
        end: 11
        context: ~
