---
source: src/typechecker.rs
expression: result
---
Ok: ~
