---
source: src/parser.rs
expression: program
---
stmts:
  - Expr:
      expr:
        IntLit: 42
