---
source: src/parser.rs
expression: program
---
stmts:
  - VarDecl:
      name: x
      type: ~
      value:
        IntLit: 42
