---
source: src/parser.rs
expression: program
---
stmts:
  - VarDecl:
      name: x
      type: I32
      value: ~
