---
source: src/parser.rs
expression: program
---
stmts:
  - LetDecl:
      name: x
      type: I32
      value:
        IntLit:
          value: 42
          span:
            start: 13
            end: 15
            context: ~
      span:
        start: 0
        end: 16
        context: ~
